// Jest Snapshot v1, https://goo.gl/fbAQLP

exports[`<TodoList /> renders correctly when a valid todo list is given 1`] = `
<RCTScrollView
  ListEmptyComponent={
    <Text
      style={
        Object {
          "fontSize": 110,
          "marginTop": 40,
          "textAlign": "center",
        }
      }
    >
      ðŸ“‹âœ…
    </Text>
  }
  data={
    Array [
      Object {
        "done": false,
        "id": "1",
        "task": "my task",
      },
    ]
  }
  disableVirtualization={false}
  getItem={[Function]}
  getItemCount={[Function]}
  horizontal={false}
  initialNumToRender={10}
  keyExtractor={[Function]}
  maxToRenderPerBatch={10}
  numColumns={1}
  onContentSizeChange={[Function]}
  onEndReachedThreshold={2}
  onLayout={[Function]}
  onMomentumScrollEnd={[Function]}
  onScroll={[Function]}
  onScrollBeginDrag={[Function]}
  onScrollEndDrag={[Function]}
  removeClippedSubviews={false}
  renderItem={[Function]}
  scrollEventThrottle={50}
  stickyHeaderIndices={Array []}
  updateCellsBatchingPeriod={50}
  viewabilityConfigCallbackPairs={Array []}
  windowSize={21}
>
  <View>
    <View
      onLayout={[Function]}
      style={null}
    >
      <View
        accessible={true}
        focusable={true}
        isTVSelectable={true}
        onClick={[Function]}
        onResponderGrant={[Function]}
        onResponderMove={[Function]}
        onResponderRelease={[Function]}
        onResponderTerminate={[Function]}
        onResponderTerminationRequest={[Function]}
        onStartShouldSetResponder={[Function]}
        style={null}
      >
        <View
          style={
            Object {
              "alignItems": "center",
              "backgroundColor": "white",
              "borderBottomWidth": 0.5,
              "borderColor": "#bcbbc1",
              "flexDirection": "row",
              "padding": 14,
            }
          }
        >
          <View
            accessible={true}
            focusable={true}
            isTVSelectable={true}
            onClick={[Function]}
            onResponderGrant={[Function]}
            onResponderMove={[Function]}
            onResponderRelease={[Function]}
            onResponderTerminate={[Function]}
            onResponderTerminationRequest={[Function]}
            onStartShouldSetResponder={[Function]}
            style={
              Object {
                "margin": 5,
                "marginLeft": 10,
                "marginRight": 10,
                "opacity": 1,
                "padding": 10,
              }
            }
            testID="checkbox"
          >
            <View
              style={
                Object {
                  "alignItems": "center",
                  "flexDirection": "row",
                }
              }
            >
              <Text />
            </View>
          </View>
          <View
            width={0}
          />
          <View
            style={
              Object {
                "flex": 1,
                "justifyContent": "center",
              }
            }
          >
            <Text
              style={
                Object {
                  "backgroundColor": "transparent",
                  "fontSize": 17,
                }
              }
              testID="listItemTitle"
              theme={
                Object {
                  "colors": Object {
                    "disabled": "hsl(208, 8%, 90%)",
                    "divider": "#bcbbc1",
                    "error": "#ff190c",
                    "grey0": "#393e42",
                    "grey1": "#43484d",
                    "grey2": "#5e6977",
                    "grey3": "#86939e",
                    "grey4": "#bdc6cf",
                    "grey5": "#e1e8ee",
                    "greyOutline": "#bbb",
                    "platform": Object {
                      "android": Object {
                        "error": "#f44336",
                        "primary": "#2196f3",
                        "secondary": "#9C27B0",
                        "success": "#4caf50",
                        "warning": "#ffeb3b",
                      },
                      "ios": Object {
                        "error": "#ff3b30",
                        "primary": "#007aff",
                        "secondary": "#5856d6",
                        "success": "#4cd964",
                        "warning": "#ffcc00",
                      },
                    },
                    "primary": "#2089dc",
                    "searchBg": "#303337",
                    "secondary": "#8F0CE8",
                    "success": "#52c41a",
                    "warning": "#faad14",
                  },
                }
              }
            >
              my task
            </Text>
          </View>
          <View
            width={0}
          />
          <View>
            <View
              accessible={true}
              focusable={true}
              isTVSelectable={true}
              onClick={[Function]}
              onResponderGrant={[Function]}
              onResponderMove={[Function]}
              onResponderRelease={[Function]}
              onResponderTerminate={[Function]}
              onResponderTerminationRequest={[Function]}
              onStartShouldSetResponder={[Function]}
              style={
                Object {
                  "alignItems": "center",
                  "backgroundColor": "transparent",
                  "justifyContent": "center",
                }
              }
            >
              <Text />
            </View>
          </View>
        </View>
      </View>
    </View>
  </View>
</RCTScrollView>
`;

exports[`<TodoList /> renders correctly when an empty todo list is given 1`] = `
<RCTScrollView
  ListEmptyComponent={
    <Text
      style={
        Object {
          "fontSize": 110,
          "marginTop": 40,
          "textAlign": "center",
        }
      }
    >
      ðŸ“‹âœ…
    </Text>
  }
  data={Array []}
  disableVirtualization={false}
  getItem={[Function]}
  getItemCount={[Function]}
  horizontal={false}
  initialNumToRender={10}
  keyExtractor={[Function]}
  maxToRenderPerBatch={10}
  numColumns={1}
  onContentSizeChange={[Function]}
  onEndReachedThreshold={2}
  onLayout={[Function]}
  onMomentumScrollEnd={[Function]}
  onScroll={[Function]}
  onScrollBeginDrag={[Function]}
  onScrollEndDrag={[Function]}
  removeClippedSubviews={false}
  renderItem={[Function]}
  scrollEventThrottle={50}
  stickyHeaderIndices={Array []}
  updateCellsBatchingPeriod={50}
  viewabilityConfigCallbackPairs={Array []}
  windowSize={21}
>
  <View>
    <Text
      onLayout={[Function]}
      style={
        Object {
          "fontSize": 110,
          "marginTop": 40,
          "textAlign": "center",
        }
      }
    >
      ðŸ“‹âœ…
    </Text>
  </View>
</RCTScrollView>
`;
